2026-04-30 17:21:25,378 [INFO] =======================================================
2026-04-30 17:21:25,378 [INFO] INICIO DEL PIPELINE
2026-04-30 17:21:25,378 [INFO] =======================================================
2026-04-30 17:21:25,379 [INFO] 
[1/4] INGESTA
2026-04-30 17:21:25,379 [INFO] ── Ingesta iniciada ──
2026-04-30 17:21:25,379 [INFO] ✓ Archivo de origen encontrado: data.csv
2026-04-30 17:21:25,380 [INFO] ✓ CSV copiado a: data/raw/data.csv
2026-04-30 17:21:25,381 [INFO] ✓ Respaldo guardado en: data/backup/data.csv
2026-04-30 17:21:25,384 [INFO] ✓ Filas cargadas: 1000 | Columnas: ['UserID', 'Age', 'Gender', 'VRHeadset', 'Duration', 'MotionSickness', 'ImmersionLevel']
2026-04-30 17:21:25,384 [INFO] ── Ingesta finalizada ──
2026-04-30 17:21:25,386 [INFO] 
[2/4] LIMPIEZA
2026-04-30 17:21:25,386 [INFO] ── Limpieza iniciada ──
2026-04-30 17:21:25,386 [INFO] Shape inicial: (1000, 7)
2026-04-30 17:21:25,387 [INFO] Nulos por columna:
UserID            0
Age               0
Gender            0
VRHeadset         0
Duration          0
MotionSickness    0
ImmersionLevel    0
2026-04-30 17:21:25,387 [INFO] Filas duplicadas: 0
2026-04-30 17:21:25,388 [INFO] UserID [numérico] — sin nulos, convertido correctamente
2026-04-30 17:21:25,388 [INFO] Age [numérico] — sin nulos, convertido correctamente
2026-04-30 17:21:25,392 [INFO] Gender [texto] — eliminadas 0 filas vacías/nulas
2026-04-30 17:21:25,394 [INFO] VRHeadset [texto] — eliminadas 0 filas vacías/nulas
2026-04-30 17:21:25,394 [INFO] Duration [numérico] — sin nulos, convertido correctamente
2026-04-30 17:21:25,395 [INFO] MotionSickness [numérico] — sin nulos, convertido correctamente
2026-04-30 17:21:25,395 [INFO] ImmersionLevel [numérico] — sin nulos, convertido correctamente
2026-04-30 17:21:25,395 [INFO] Duplicados — eliminadas 0 filas (por UserID)
2026-04-30 17:21:25,396 [INFO] Shape final: (1000, 7)
2026-04-30 17:21:25,396 [INFO] ── Limpieza finalizada ──
2026-04-30 17:21:25,396 [INFO] 
[3/4] TRANSFORMACIÓN
2026-04-30 17:21:25,396 [INFO] ── Transformación iniciada ──
2026-04-30 17:21:25,397 [INFO]   Duration [float] — redondeado a 2 decimales
2026-04-30 17:21:25,397 [INFO]   Nueva columna: AgeGroup
2026-04-30 17:21:25,398 [INFO]   Nueva columna: DurationCategory
2026-04-30 17:21:25,399 [INFO]   Nueva columna: ComfortScore
2026-04-30 17:21:25,399 [INFO] ── Transformación finalizada ──
2026-04-30 17:21:25,399 [INFO] 
[4/4] VALIDACIÓN
2026-04-30 17:21:25,399 [INFO] ── Validación iniciada ──
2026-04-30 17:21:25,399 [INFO] ✓ DataFrame no vacío: 1000 filas × 10 cols
2026-04-30 17:21:25,400 [INFO] ✓ Sin nulos en ninguna columna
2026-04-30 17:21:25,400 [INFO] ✓ Sin filas duplicadas
2026-04-30 17:21:25,401 [INFO] ✓ UserID [numérico] — sin infinitos | rango: [1.00, 1000.00]
2026-04-30 17:21:25,401 [INFO] ✓ Age [numérico] — sin infinitos | rango: [18.00, 60.00]
2026-04-30 17:21:25,403 [INFO] ✓ Gender [texto] — 3 valores únicos, sin vacíos
2026-04-30 17:21:25,403 [INFO] ✓ VRHeadset [texto] — 3 valores únicos, sin vacíos
2026-04-30 17:21:25,404 [INFO] ✓ Duration [numérico] — sin infinitos | rango: [5.01, 59.98]
2026-04-30 17:21:25,404 [INFO] ✓ MotionSickness [numérico] — sin infinitos | rango: [1.00, 10.00]
2026-04-30 17:21:25,404 [INFO] ✓ ImmersionLevel [numérico] — sin infinitos | rango: [1.00, 5.00]
2026-04-30 17:21:25,405 [INFO] ✓ AgeGroup [texto] — 3 valores únicos, sin vacíos
2026-04-30 17:21:25,406 [INFO] ✓ DurationCategory [texto] — 3 valores únicos, sin vacíos
2026-04-30 17:21:25,407 [INFO] ✓ ComfortScore [numérico] — sin infinitos | rango: [0.00, 10.00]
2026-04-30 17:21:25,408 [INFO] ── Validación EXITOSA — todos los controles pasaron ──
2026-04-30 17:21:25,408 [INFO] ── Guardado iniciado ──
2026-04-30 17:21:25,413 [INFO] ✓ Archivo guardado en: data/processed/data_clean.csv
2026-04-30 17:21:25,414 [INFO]   Shape: 1000 filas × 10 cols
2026-04-30 17:21:25,414 [INFO]   Columnas: ['UserID', 'Age', 'Gender', 'VRHeadset', 'Duration', 'MotionSickness', 'ImmersionLevel', 'AgeGroup', 'DurationCategory', 'ComfortScore']
2026-04-30 17:21:25,414 [INFO] ── Guardado finalizado ──
2026-04-30 17:21:25,414 [INFO] 
=======================================================
2026-04-30 17:21:25,415 [INFO] PIPELINE COMPLETADO EXITOSAMENTE
2026-04-30 17:21:25,415 [INFO] =======================================================
